// Jest Snapshot v1, https://goo.gl/fbAQLP

exports[`Switch component should render expected markup should compare the component with a snapshot 1`] = `
<span>
  <label
    htmlFor="switch-on"
    id="switch-on-label"
  >
    Turn On/Off
  </label>
  <button
    aria-checked={false}
    aria-labelledby="switch-on-label"
    className="p-switch"
    id="switch-on"
    onClick={[Function]}
    role="switch"
    type="button"
  >
    <span>
      On
    </span>
    <span>
      Off
    </span>
  </button>
</span>
`;
