// Jest Snapshot v1, https://goo.gl/fbAQLP

exports[`Switch component should compare with a snapshot 1`] = `
<label
  htmlFor="switch"
>
  Turn On/Off
  <input
    checked={false}
    className="p-switch"
    id="switch"
    type="checkbox"
    value="off"
  />
  <div
    className="p-switch__slider"
  />
</label>
`;
