// Jest Snapshot v1, https://goo.gl/fbAQLP

exports[`<Button> should render a modified Button correctly 1`] = `
<div>
  <button
    className="p-button--neutral"
    disabled={false}
    href={undefined}
    onClick={[Function]}
  >
    Neutral
  </button>
  <button
    className="p-button--negative"
    disabled={false}
    href={undefined}
    onClick={[Function]}
  >
    Negative
  </button>
  <button
    className="p-button--positive"
    disabled={false}
    href={undefined}
    onClick={[Function]}
  >
    Positive
  </button>
  <button
    className="p-button--brand"
    disabled={false}
    href={undefined}
    onClick={[Function]}
  >
    Brand
  </button>
  <button
    className="p-button--base is-inline"
    disabled={false}
    href={undefined}
    onClick={[Function]}
  >
    Inline
  </button>
  <button
    className="p-button--base is--disabled"
    disabled={true}
    href={undefined}
    onClick={[Function]}
  >
    Disabled
  </button>
</div>
`;

exports[`<Button> should render a simple Button correctly 1`] = `
<button
  className="p-button--base"
  disabled={false}
  href={undefined}
  onClick={[Function]}
>
  Submit
</button>
`;
