// Jest Snapshot v1, https://goo.gl/fbAQLP

exports[`Link component should accept modifiers correctly 1`] = `
<div>
  <a
    className="p-link p-link--external"
    href="https://vanillaframework.io/"
    onClick={[Function]}
  >
    External Link
  </a>
  <a
    className="p-link p-link--soft"
    href="https://vanilla-framework.github.io/vanilla-framework-react/"
    onClick={[Function]}
  >
    Soft Link
  </a>
  <a
    className="p-link p-link--strong"
    href="https://vanilla-framework.github.io/vanilla-framework-react/"
    onClick={[Function]}
  >
    Strong Link
  </a>
  <a
    className="p-link p-link--inverted"
    href="https://vanilla-framework.github.io/vanilla-framework-react/"
    onClick={[Function]}
  >
    Inverted Link
  </a>
  <div
    className="p-top"
  >
    <a
      className="p-link p-top__link"
      href="https://vanilla-framework.github.io/vanilla-framework-react/"
      onClick={[Function]}
    >
      Back to top
    </a>
  </div>
  <a
    className="p-link p-link--strong p-link--external"
    href="https://vanillaframework.io/"
    onClick={[Function]}
  >
    External/Strong Link
  </a>
  <a
    className="p-link p-link--soft p-link--external"
    href="https://vanillaframework.io/"
    onClick={[Function]}
  >
    External/Soft Link
  </a>
  <div
    className="p-top"
  >
    <a
      className="p-link p-link--strong p-top__link"
      href="https://vanilla-framework.github.io/vanilla-framework-react/"
      onClick={[Function]}
    >
      Strong/Back to top Link
    </a>
  </div>
</div>
`;

exports[`Link component should render a simple link correctly 1`] = `
<a
  className="p-link"
  href="https://vanilla-framework.github.io/vanilla-framework-react/"
  onClick={[Function]}
>
  Default Link
</a>
`;
